../Core/Src/../../common/STM32G474RE_Discovery.c:65:6:WaveFormRecord	16	static
../Core/Src/../../common/STM32G474RE_Discovery.c:90:6:WaveFormTrigger	4	static
../Core/Src/../../common/STM32G474RE_Discovery.c:119:6:WaveFormDisplay	16	static
../Core/Src/../../common/STM32G474RE_Discovery.c:153:6:HAL_GPIO_EXTI_Callback	16	static
../Core/Src/../../common/STM32G474RE_Discovery.c:194:6:Demo_Error_Handler	8	static
../Core/Src/../../common/STM32G474RE_Discovery.c:213:10:HAL_HRTIM_NsToTicks	40	static
../Core/Src/../../common/STM32G474RE_Discovery.c:229:10:HAL_HRTIM_FreqToTicks	40	static
../Core/Src/../../common/STM32G474RE_Discovery.c:242:10:HAL_HRTIM_DeadBandNsToTicks	24	static
../Core/Src/main.c:96:6:LoadHandler	8	static
../Core/Src/main.c:132:6:SysTick_Handler	8	static
../Core/Src/main.c:166:5:main	16	static
../Core/Src/main.c:312:6:SystemClock_Config	168	static
../Core/Src/main.c:367:13:MX_ADC1_Init	56	static
../Core/Src/main.c:435:13:MX_FMAC_Init	8	static
../Core/Src/main.c:461:13:MX_HRTIM1_Init	240	static
../Core/Src/main.c:609:13:MX_RTC_Init	8	static
../Core/Src/main.c:643:13:MX_DMA_Init	16	static
../Core/Src/main.c:662:13:MX_GPIO_Init	40	static
../Core/Src/main.c:755:6:Error_Handler	8	static
